../Core/Src/common.c:27:5:clamp	24	static
../Core/Src/common.c:34:6:randinit	8	static
../Core/Src/common.c:39:7:getrand	16	static
../Core/Src/common.c:44:7:dig_to_smb	16	static
../Core/Src/common.c:63:6:u16_to_str	48	static
../Core/Src/common.c:103:6:commoninit	8	static
../Core/Src/common.c:124:7:getbatlvl	24	static
../Core/Src/common.c:151:6:batcheck	8	static
../Core/Src/common.c:157:6:ShutDownLB	16	static
../Core/Src/common.c:165:6:ShutDown	16	static
../Core/Src/common.c:172:6:getbrightlvl	4	static
../Core/Src/common.c:177:6:decbright	8	static
../Core/Src/common.c:185:6:incbright	8	static
../Core/Src/common.c:195:6:BrightPWMgen	24	static
../Core/Src/common.c:319:9:CreateBtn	56	static
../Core/Src/common.c:333:6:check_btn_jstk	8	static
../Core/Src/common.c:342:6:TestBtn	16	static
../Core/Src/common.c:370:6:checkjoydir	4	static
../Core/Src/common.c:391:6:pressbutton	16	static
../Core/Src/common.c:403:6:EEPROM_writebyte	24	static
../Core/Src/common.c:419:7:EEPROM_readbyte	24	static
