../Core/Src/ILI9488.c:38:6:spi_write	16	static
../Core/Src/ILI9488.c:51:6:write_buffer	8	static
../Core/Src/ILI9488.c:62:6:write_buffer_dma	16	static
../Core/Src/ILI9488.c:79:6:HAL_SPI_TxCpltCallback	16	static
../Core/Src/ILI9488.c:89:6:lcd_write_data	16	static
../Core/Src/ILI9488.c:102:6:lcd_write_command	16	static
../Core/Src/ILI9488.c:111:6:lcd_write_reg	16	static
../Core/Src/ILI9488.c:123:6:swap_int	24	static
../Core/Src/ILI9488.c:132:6:swap_char	24	static
../Core/Src/ILI9488.c:142:6:delay_ms	40	static
../Core/Src/ILI9488.c:155:6:delay_us	16	static
../Core/Src/ILI9488.c:162:6:lcd_init_command_list	8	static
../Core/Src/ILI9488.c:248:6:lcd_init	8	static
../Core/Src/ILI9488.c:269:6:set_draw_window	24	static
../Core/Src/ILI9488.c:300:6:draw_pixel	32	static
../Core/Src/ILI9488.c:317:6:fill_rectangle	40	static
../Core/Src/ILI9488.c:389:6:draw_char	56	static
../Core/Src/ILI9488.c:422:6:draw_fast_char	56	static
../Core/Src/ILI9488.c:477:6:draw_string	48	static
../Core/Src/ILI9488.c:499:6:draw_fast_string	40	static
../Core/Src/ILI9488.c:513:6:draw_bitmap	56	static
