../Drivers/CMSIS/Include/core_cm4.h:2064:26:ITM_SendChar	16	static,ignoring_inline_asm
../Core/Src/main.c:151:5:_write	32	static
../Core/Src/main.c:163:6:UART_handler	8	static
../Core/Src/main.c:186:6:ADC_handler	8	static
../Core/Src/main.c:238:6:displayparams	24	static
../Core/Src/main.c:303:5:main	16	static
../Core/Src/main.c:387:6:SystemClock_Config	88	static
../Core/Src/main.c:434:13:MX_ADC1_Init	24	static
../Core/Src/main.c:542:13:MX_CAN1_Init	8	static
../Core/Src/main.c:579:13:MX_RTC_Init	8	static
../Core/Src/main.c:614:13:MX_SPI1_Init	8	static
../Core/Src/main.c:652:13:MX_SPI2_Init	8	static
../Core/Src/main.c:690:13:MX_TIM11_Init	40	static
../Core/Src/main.c:736:13:MX_USART1_UART_Init	8	static
../Core/Src/main.c:769:13:MX_USART2_UART_Init	8	static
../Core/Src/main.c:802:13:MX_USB_OTG_FS_PCD_Init	8	static
../Core/Src/main.c:835:13:MX_DMA_Init	16	static
../Core/Src/main.c:857:13:MX_GPIO_Init	48	static
../Core/Src/main.c:922:6:HAL_IncTick	8	static
../Core/Src/main.c:928:6:HAL_UART_RxCpltCallback	16	static
../Core/Src/main.c:937:6:HAL_UART_TxCpltCallback	16	static
../Core/Src/main.c:944:6:HAL_ADC_ConvCpltCallback	16	static
../Core/Src/main.c:970:6:Error_Handler	4	static,ignoring_inline_asm
