../Core/Src/main.c:93:5:main	16	static
../Core/Src/main.c:164:6:SystemClock_Config	88	static
../Core/Src/main.c:211:13:MX_ADC1_Init	24	static
../Core/Src/main.c:317:13:MX_CAN1_Init	8	static
../Core/Src/main.c:354:13:MX_RTC_Init	8	static
../Core/Src/main.c:389:13:MX_SPI1_Init	8	static
../Core/Src/main.c:427:13:MX_SPI2_Init	8	static
../Core/Src/main.c:465:13:MX_TIM11_Init	40	static
../Core/Src/main.c:511:13:MX_USART1_UART_Init	8	static
../Core/Src/main.c:544:13:MX_USART2_UART_Init	8	static
../Core/Src/main.c:577:13:MX_USB_OTG_FS_PCD_Init	8	static
../Core/Src/main.c:610:13:MX_DMA_Init	16	static
../Core/Src/main.c:632:13:MX_GPIO_Init	48	static
../Core/Src/main.c:704:6:Error_Handler	4	static,ignoring_inline_asm
